[backblue.gif]
[fade.gif]
[index.html]
[www.london.ac.uk/themes/custom/uol/favicon/favicon.ico]
[cdn-ukwest.onetrust.com/consent/db4df6bc-8ea5-43f3-aaa5-8480472f68cc/OtAutoBlock.js]
[cdn-ukwest.onetrust.com/scripttemplates/otSDKStub.js]
[www.google-analytics.com/analytics.js]
[www.london.ac.uk/sites/default/files/css/css_GoDi3aa9qGFeUa4UMNcTDdodvkU94Hf3f8WFtkVM8dE.css]
[www.london.ac.uk/sites/default/files/css/css_AqplIjLyw4BMFn512ggEsbtrg7oWZmqI6vqi4awvzQs.css]
[www.london.ac.uk/sites/default/files/css/css_5wRCVV8hiQppv9a0RnohH4YfhgXsX0ssrYk4oxaspzw.css]
[www.london.ac.uk/themes/custom/uol/dist/fonts/merriweather/merriweather-regular-webfont.woff2]
[www.london.ac.uk/themes/custom/uol/dist/fonts/opensans/OpenSans-SemiBold.ttf]
[use.typekit.net/gxf7jku.css]
[www.london.ac.uk/themes/custom/uol/favicon/apple-touch-icon-57x57.png]
[www.london.ac.uk/themes/custom/uol/favicon/apple-touch-icon-114x114.png]
[www.london.ac.uk/themes/custom/uol/favicon/apple-touch-icon-72x72.png]
[www.london.ac.uk/themes/custom/uol/favicon/apple-touch-icon-144x144.png]
[www.london.ac.uk/themes/custom/uol/favicon/apple-touch-icon-60x60.png]
[www.london.ac.uk/themes/custom/uol/favicon/apple-touch-icon-120x120.png]
[www.london.ac.uk/themes/custom/uol/favicon/apple-touch-icon-76x76.png]
[www.london.ac.uk/themes/custom/uol/favicon/apple-touch-icon-152x152.png]
[www.london.ac.uk/themes/custom/uol/favicon/favicon-196x196.png]
[www.london.ac.uk/themes/custom/uol/favicon/favicon-96x96.png]
[www.london.ac.uk/themes/custom/uol/favicon/favicon-32x32.png]
[www.london.ac.uk/themes/custom/uol/favicon/favicon-16x16.png]
[www.london.ac.uk/themes/custom/uol/favicon/favicon-128.png]
[www.london.ac.uk/sites/default/files/University-of-london-logo_1.png]
[www.london.ac.uk/sites/default/files/js/js_AKQ8RVj6bQum7j6GyPLD7aTLh3Oxf7NcNJUEHz-gjpE.js]
[www.london.ac.uk/index.html]
[www.london.ac.uk/themes/custom/uol/dist/js/all.min423c.js]
[player.vimeo.com/api/player.js]
[encore.libraries.london.ac.uk/iii/encore/resources/js/adrum.js]
[static.olark.com/a/assets/v0/site/2146-766-10-4362.js]
[www.visitorjs.com/visitor.js]
[c.office.com/c5a02.gif]
[js.intercomcdn.com/frame.54dc1abc.js]
[onlinelibrary.london.ac.uk/misc/drupal.js]
[prospect-form-plugin.2u.com/cask-latest/lead.form.plugin.js]
[script.hotjar.com/preact-incoming-feedback.26d973fdc6fa0689912b.js]
[widgets.scribblemaps.com/assets/images/share.png]
[www.google-analytics.com/plugins/ua/linkid.js]
[apis.google.com/js/api.js]
[dpm.demdex.net/demconf.gif]
[payments.blackbaud.com/Checkout/bbCheckout.2.0.js]
[idsync.rlcdn.com/360947.gif]
[edge.fullstory.com/s/fs.js]
[www.google.com/books/javascript/f.txt]
[ssl.google-analytics.com/ga.js]
[bat.bing.com/bat.js]
[c.clarity.ms/ce51e.gif]
[my.london.ac.uk/o/analytics-web/js/analytics.min.js]
[developers.google.com/books/images/gbs_preview_button1.gif]
[s7.addthis.com/js/300/addthis_widget.js]
[script.hotjar.com/modules.e95f6e2deb67f1b24d8e.js]
[siteimproveanalytics.com/js/siteanalyze_51623409.js]
[cdn.omniconvert.com/js/u364432.js]
[static.olark.com/jsclient-bucket5/application2.js]
[cdn.segment.com/analytics.js/v1/iu0PvCsHLtwDCyMsoPzHpG7VzjpE0SPq/analytics.min.js]
[static.olark.com/jsclient/app.js]
[c.bing.com/c.gif]
[cdn-ukwest.onetrust.com/consent/db4df6bc-8ea5-43f3-aaa5-8480472f68cc/OtAutoBlock.js]
[www.googletagmanager.com/gtm5445.html]
[www.london.ac.uk/core/themes/stable/images/core/throbber-active.gif]
[www.london.ac.uk/core/themes/stable/images/core/loading-small.gif]
[www.london.ac.uk/core/themes/stable/images/core/throbber-inactive.png]
[www.london.ac.uk/core/themes/stable/images/core/icons/e32700/error.svg]
[www.london.ac.uk/core/themes/stable/images/core/icons/e29700/warning.svg]
[www.london.ac.uk/core/themes/stable/images/core/icons/73b355/check.svg]
[www.london.ac.uk/core/themes/stable/images/core/icons/787878/move.svg]
[www.london.ac.uk/core/themes/stable/images/core/icons/000000/move.svg]
[www.london.ac.uk/core/themes/stable/images/core/icons/787878/twistie-down.svg]
[www.london.ac.uk/core/themes/stable/images/core/icons/787878/twistie-up.svg]
[www.london.ac.uk/core/themes/stable/images/core/tree.png]
[www.london.ac.uk/core/themes/stable/images/core/tree-bottom.png]
[www.london.ac.uk/modules/contrib/video_embed_field/css/icons/play.svg]
[www.london.ac.uk/core/misc/icons/787878/cog.svg]
[www.london.ac.uk/sites/default/files/css/css_GoDi3aa9qGFeUa4UMNcTDdodvkU94Hf3f8WFtkVM8dE.css]
[www.london.ac.uk/themes/custom/uol/dist/img/sprite/sprite.svg]
[www.london.ac.uk/themes/custom/uol/dist/img/sprite/sprite.png]
[www.london.ac.uk/themes/custom/uol/dist/fonts/opensans/OpenSans-Regular.ttf]
[www.london.ac.uk/themes/custom/uol/dist/fonts/opensans/OpenSans-Italic.ttf]
[www.london.ac.uk/themes/custom/uol/dist/fonts/opensans/OpenSans-SemiBoldItalic.ttf]
[www.london.ac.uk/themes/custom/uol/dist/fonts/opensans/OpenSans-Bold.ttf]
[www.london.ac.uk/themes/custom/uol/dist/fonts/opensans/OpenSans-BoldItalic.ttf]
[www.london.ac.uk/themes/custom/uol/dist/img/svg/sprite-icon-chevron-down.svg]
[www.london.ac.uk/themes/custom/uol/dist/img/svg/sprite-icon-external.svg]
[www.london.ac.uk/themes/custom/uol/dist/img/raster/home-video-poster.jpg]
[www.london.ac.uk/themes/custom/uol/dist/img/raster/stay-central-hero-background.jpg]
[www.london.ac.uk/themes/custom/uol/dist/img/svg/uol-logo.svg]
[www.london.ac.uk/themes/custom/uol/dist/img/svg/sprite-icon-cross-white.svg]
[www.london.ac.uk/themes/custom/uol/dist/img/svg/loading.svg]
[www.london.ac.uk/themes/custom/uol/dist/img/svg/sprite-icon-plus-red.svg]
[www.london.ac.uk/themes/custom/uol/dist/img/svg/sprite-icon-download.svg]
[www.london.ac.uk/themes/custom/uol/dist/img/svg/sprite-icon-arrow-right-red.svg]
[www.london.ac.uk/themes/custom/uol/dist/img/svg/sprite-icon-chevron-down--white.svg]
[www.london.ac.uk/themes/custom/uol/dist/img/svg/wave.svg]
[www.london.ac.uk/themes/custom/uol/dist/img/svg/sprite-icon-check-white.svg]
[www.london.ac.uk/sites/default/files/css/css_AqplIjLyw4BMFn512ggEsbtrg7oWZmqI6vqi4awvzQs.css]
[www.london.ac.uk/sites/default/files/css/css_5wRCVV8hiQppv9a0RnohH4YfhgXsX0ssrYk4oxaspzw.css]
[use.typekit.net/af/6f88f7/00000000000000000001322a/27/le196]
[use.typekit.net/af/6f88f7/00000000000000000001322a/27/de196]
[use.typekit.net/af/6f88f7/00000000000000000001322a/27/ae196]
[use.typekit.net/af/f0834a/00000000000000000001322b/27/lfdcc]
[use.typekit.net/af/f0834a/00000000000000000001322b/27/dfdcc]
[use.typekit.net/af/f0834a/00000000000000000001322b/27/afdcc]
[use.typekit.net/af/51014d/000000000000000000013230/27/l652f]
[use.typekit.net/af/51014d/000000000000000000013230/27/d652f]
[use.typekit.net/af/51014d/000000000000000000013230/27/a652f]
[use.typekit.net/af/262f01/000000000000000000013231/27/le265]
[use.typekit.net/af/262f01/000000000000000000013231/27/de265]
[use.typekit.net/af/262f01/000000000000000000013231/27/ae265]
[use.typekit.net/af/650441/000000000000000077359f96/30/l652f]
[use.typekit.net/af/650441/000000000000000077359f96/30/d652f]
[use.typekit.net/af/650441/000000000000000077359f96/30/a652f]
[use.typekit.net/af/e5e434/000000000000000077359f99/30/le265]
[use.typekit.net/af/e5e434/000000000000000077359f99/30/de265]
[use.typekit.net/af/e5e434/000000000000000077359f99/30/ae265]
[use.typekit.net/af/a91824/000000000000000077359f9d/30/le196]
[use.typekit.net/af/a91824/000000000000000077359f9d/30/de196]
[use.typekit.net/af/a91824/000000000000000077359f9d/30/ae196]
[use.typekit.net/af/5d264d/000000000000000077359fa0/30/lfdcc]
[use.typekit.net/af/5d264d/000000000000000077359fa0/30/dfdcc]
[use.typekit.net/af/5d264d/000000000000000077359fa0/30/afdcc]
[use.typekit.net/af/c9d9e8/000000000000000077359f97/30/l652f]
[use.typekit.net/af/c9d9e8/000000000000000077359f97/30/d652f]
[use.typekit.net/af/c9d9e8/000000000000000077359f97/30/a652f]
[use.typekit.net/af/6bdb21/000000000000000077359f9a/30/le265]
[use.typekit.net/af/6bdb21/000000000000000077359f9a/30/de265]
[use.typekit.net/af/6bdb21/000000000000000077359f9a/30/ae265]
[use.typekit.net/af/b5dc69/000000000000000077359f9c/30/le196]
[use.typekit.net/af/b5dc69/000000000000000077359f9c/30/de196]
[use.typekit.net/af/b5dc69/000000000000000077359f9c/30/ae196]
[use.typekit.net/af/19483f/000000000000000077359f9f/30/lfdcc]
[use.typekit.net/af/19483f/000000000000000077359f9f/30/dfdcc]
[use.typekit.net/af/19483f/000000000000000077359f9f/30/afdcc]
[use.typekit.net/af/702331/000000000000000077359fa7/30/le003]
[use.typekit.net/af/702331/000000000000000077359fa7/30/de003]
[use.typekit.net/af/702331/000000000000000077359fa7/30/ae003]
[use.typekit.net/af/c1b4f7/000000000000000000017774/27/l652f]
[use.typekit.net/af/c1b4f7/000000000000000000017774/27/d652f]
[use.typekit.net/af/c1b4f7/000000000000000000017774/27/a652f]
[use.typekit.net/af/f96583/000000000000000000017775/27/le265]
[use.typekit.net/af/f96583/000000000000000000017775/27/de265]
[use.typekit.net/af/f96583/000000000000000000017775/27/ae265]
[use.typekit.net/af/e67d8d/000000000000000000017776/27/le196]
[use.typekit.net/af/e67d8d/000000000000000000017776/27/de196]
[use.typekit.net/af/e67d8d/000000000000000000017776/27/ae196]
[use.typekit.net/af/32d1b5/000000000000000000017777/27/lfdcc]
[use.typekit.net/af/32d1b5/000000000000000000017777/27/dfdcc]
[use.typekit.net/af/32d1b5/000000000000000000017777/27/afdcc]
[use.typekit.net/af/e7eaa8/000000000000000077359fb3/30/le196]
[use.typekit.net/af/e7eaa8/000000000000000077359fb3/30/de196]
[use.typekit.net/af/e7eaa8/000000000000000077359fb3/30/ae196]
[use.typekit.net/af/1d6640/000000000000000077359fb5/30/lfdcc]
[use.typekit.net/af/1d6640/000000000000000077359fb5/30/dfdcc]
[use.typekit.net/af/1d6640/000000000000000077359fb5/30/afdcc]
[use.typekit.net/af/d4693a/000000000000000077359fc3/30/l652f]
[use.typekit.net/af/d4693a/000000000000000077359fc3/30/d652f]
[use.typekit.net/af/d4693a/000000000000000077359fc3/30/a652f]
[use.typekit.net/af/0a31c2/000000000000000077359fc5/30/le265]
[use.typekit.net/af/0a31c2/000000000000000077359fc5/30/de265]
[use.typekit.net/af/0a31c2/000000000000000077359fc5/30/ae265]
[use.typekit.net/af/aac473/000000000000000077359fb4/30/le196]
[use.typekit.net/af/aac473/000000000000000077359fb4/30/de196]
[use.typekit.net/af/aac473/000000000000000077359fb4/30/ae196]
[use.typekit.net/af/ae91cb/000000000000000077359fb6/30/lfdcc]
[use.typekit.net/af/ae91cb/000000000000000077359fb6/30/dfdcc]
[use.typekit.net/af/ae91cb/000000000000000077359fb6/30/afdcc]
[use.typekit.net/af/faf708/000000000000000077359fc4/30/l652f]
[use.typekit.net/af/faf708/000000000000000077359fc4/30/d652f]
[use.typekit.net/af/faf708/000000000000000077359fc4/30/a652f]
[use.typekit.net/af/509e86/000000000000000077359fc6/30/le265]
[use.typekit.net/af/509e86/000000000000000077359fc6/30/de265]
[use.typekit.net/gxf7jku.css]
[use.typekit.net/af/509e86/000000000000000077359fc6/30/ae265]
[www.london.ac.uk/sites/default/files/css/css_ZeaY5CsOvKAJNYx5omdpD_E8U_j1h3fUBMBBj6nGYLM.css]
[www.london.ac.uk/courses.html]
[www.london.ac.uk/sites/default/files/js/js_Nh4yPT3fRSoww-sf6sUu9b-r6N_K9vrvng0e41pAfqc.js]
[www.london.ac.uk/search.html]
[www.london.ac.uk/search/index393a.html]
[www.london.ac.uk/search/index9254.html]
[www.london.ac.uk/search/indexff0a.html]
[www.london.ac.uk/search/indexfe9a.html]
[www.london.ac.uk/search/indexaa8f.html]
[www.london.ac.uk/search/index12e1.html]
[www.london.ac.uk/search/index92cd.html]
[www.london.ac.uk/search/index1cba.html]
[www.london.ac.uk/search/indexf4e9.html]
[www.london.ac.uk/search/index4f99.html]
[www.london.ac.uk/search/index703f.html]
[www.london.ac.uk/sites/default/files/styles/max_1300x1300/public/2019-07/asking-questions52da.jpg]
[www.london.ac.uk/sites/default/files/css/css_sXDmj-5amCbMtO39o9-VdRHGqO4X0h0DXUus4kDxrJE.css]
[www.london.ac.uk/ways-study.html]
[www.london.ac.uk/on-campus-courses.html]
[www.london.ac.uk/on-campus-courses-in-paris.html]
[www.london.ac.uk/sites/default/files/styles/max_1300x1300/public/2017-08/_MG_9910 Uni of London PG Students at home281f.jpg]
[www.london.ac.uk/sites/default/files/css/css_VKykc2aajutOApbXj9cKXtDb78nbb6-56XAikKRrZ4s.css]
[www.london.ac.uk/ways-study/distance-learning.html]
[www.london.ac.uk/sites/default/files/styles/max_1300x1300/public/2017-11/manage-study-time-appsd15f.jpg]
[www.london.ac.uk/sites/default/files/css/css_v_Zyrwq_WkFbvBVlRx5dYt2z0MPpm77PeW2dbbPvqWY.css]
[www.london.ac.uk/ways-study/study-a-local-teaching-centre.html]
[www.london.ac.uk/sites/default/files/js/js_17yc4obad349xLcurQSFGP7AzzEhydmEEvRrkCX93II.js]
[www.london.ac.uk/sites/default/files/css/css_Sd6bRrSaAARAUdHetbvgaewAetI1rNG-P_lD3RDbqbA.css]
[www.london.ac.uk/ways-study/study-campus-london.html]
[www.london.ac.uk/sites/default/files/styles/max_1300x1300/public/2017-10/ULIP-headquarters-parisd7ee.jpg]
[www.london.ac.uk/sites/default/files/css/css_W4llO7wu30CgcCeSU2yWYpTUeZRF_lw9TzruGOcGUN4.css]
[www.london.ac.uk/sites/default/files/js/js_7UGbYmlrPDt5dzqKuYojNaDeUHti632VlXhOY3t6QSs.js]
[www.london.ac.uk/ways-study/studying-paris.html]
[www.london.ac.uk/sites/default/files/styles/max_1300x1300/public/2017-11/SAS_senate-house-library7747.jpg]
[www.london.ac.uk/sites/default/files/styles/thumbnail_large_200_x_200_/public/2017-11/SAS-Logo-WO-BG50b7.png]
[www.london.ac.uk/ways-study/postgraduate-study-humanities.html]
[www.london.ac.uk/sites/default/files/styles/max_1300x1300/public/2017-11/summer-in-malet-streetf90a.jpg]
[www.london.ac.uk/sites/default/files/css/css_2SSX3takpvnIB1LEMDK2P43yUfKXzHi98zw9xu-Il9w.css]
[www.london.ac.uk/about-us.html]
[www.london.ac.uk/applications.html]
[www.london.ac.uk/sites/default/files/styles/max_1300x1300/public/2018-12/working-in-the-study-centreba4c.jpg]
[www.london.ac.uk/applications/how-it-works.html]
[www.london.ac.uk/sites/default/files/styles/max_1300x1300/public/2017-11/studying-history-librarya898.jpg]
[www.london.ac.uk/applications/costs-your-course.html]
[www.london.ac.uk/sites/default/files/js/js_i_CXUgO-AXMtWSIW-m3pYWGcSM_LnchuCb-fvGct09o.js]
[www.london.ac.uk/applications/funding-your-study.html]
[www.london.ac.uk/sites/default/files/styles/max_1300x1300/public/2017-11/writing-book_18c20.jpg]
[www.london.ac.uk/sites/default/files/leaflets/undergraduate-applications-guidance.pdf]
[www.london.ac.uk/sites/default/files/leaflets/postgraduate-applications-guidance.pdf]
[www.london.ac.uk/applications/how-apply.html]
[www.london.ac.uk/sites/default/files/styles/max_1300x1300/public/2017-11/postgraduate-moocsa897.jpg]
[www.london.ac.uk/make-yourself-home.html]
[www.london.ac.uk/sites/default/files/styles/max_1300x1300/public/2017-10/student-walking-backpack38b0.jpg]
[www.london.ac.uk/ways-study/study-campus-london/university-taster-courses.html]
[www.london.ac.uk/sites/default/files/styles/max_1300x1300/public/2020-10/Visiting Research Fellowship Image498b.jpg]
[www.london.ac.uk/research.html]
[www.london.ac.uk/sites/default/files/styles/hero_logo_imag_style/public/2019-08/UoL Press Logo_1d7f8.png]
[www.london.ac.uk/about-us/press.html]
[www.london.ac.uk/sites/default/files/styles/max_1300x1300/public/2020-09/pexels-cottonbro-5054213a9ba.jpg]
[www.london.ac.uk/sites/default/files/cde/CODE-flyer-2022-web.pdf]
[www.london.ac.uk/centre-online-distance-education.html]
[www.london.ac.uk/sites/default/files/js/js_nB7p-MCq_Vz6_HRNmP1ZJtsyNNZ5rE0L3MDikzaX3bM.js]
[www.london.ac.uk/sites/default/files/styles/max_1300x1300/public/2021-07/shutterstock_752326336d92b.png]
